
T10194.hs:7:8: error:
    • Cannot instantiate unification variable ‘b0’
      with a type involving polytypes: X
    • In the expression: (.)
      In an equation for ‘comp’: comp = (.)
