
readFail032.hs:25:38: error:
    • Couldn't match type ‘Char’ with ‘[Char]’
      Expected type: [String]
        Actual type: String
    • In the second argument of ‘(:)’, namely ‘"Type error on line 25"’
      In the expression:
        "Type error on line 25" : "Type error on line 25"
      In an equation for ‘type_error’:
          type_error = "Type error on line 25" : "Type error on line 25"
