
T5934.hs:12:7: error:
    • Cannot instantiate unification variable ‘a0’
      with a type involving polytypes: (forall s. GenST s) -> Int
    • In the expression: 0
      In an equation for ‘run’: run = 0
