TYPE SIGNATURES
  barry :: forall {_}. _ -> (Either String _, Either String _)
Dependent modules: []
Dependent packages: [base-4.14.0.0, ghc-prim-0.6.1,
                     integer-gmp-1.0.3.0]
