
tc211.hs:21:17: error:
    • Couldn't match expected type ‘a -> a’
                  with actual type ‘forall a6. a6 -> a6’
    • In the first argument of ‘(:) ::
                                  (forall a. a -> a)
                                  -> [forall a. a -> a] -> [forall a. a -> a]’, namely
        ‘(head foo)’
      In the expression:
        ((:) ::
           (forall a. a -> a) -> [forall a. a -> a] -> [forall a. a -> a])
          (head foo) foo
      In an equation for ‘bar’:
          bar
            = ((:) ::
                 (forall a. a -> a) -> [forall a. a -> a] -> [forall a. a -> a])
                (head foo) foo
