
==================== Strictness signatures ====================
DmdAnalGADTs.$tc'A:
DmdAnalGADTs.$tc'B:
DmdAnalGADTs.$tcD:
DmdAnalGADTs.$trModule:
DmdAnalGADTs.diverges: b
DmdAnalGADTs.f: <S,1*U>
DmdAnalGADTs.f': <S,1*U>
DmdAnalGADTs.g: <S,1*U>
DmdAnalGADTs.hasCPR:
DmdAnalGADTs.hasStrSig: <S,1*U>



==================== Cpr signatures ====================
DmdAnalGADTs.$tc'A: #1(*, *, #1(#, #), #, *,
                       #1(#1(*, *, #1(#, #), #, *, #4(#, #)),
                          #2(#1(#1(*, *, #1(#, #), #, *, #), *), *))) 1(-, -, 1(1(-), 1(-)),
                                                                        1(-), -,
                                                                        1(1(-, -, 1(1(-), 1(-)),
                                                                            1(-), -, 4(5(-), 5(-))),
                                                                          2(1(1(-, -, 1(1(-), 1(-)),
                                                                                1(-), -, 5(-)),
                                                                              -),
                                                                            -)))
DmdAnalGADTs.$tc'B: #1(*, *, #1(#, #), #, *,
                       #1(#1(*, *, #1(#, #), #, *, #4(#, #)),
                          #2(#4(#1(#1(*, *, #1(#, #), #, *, #), *),
                                #1(#1(*, *, #1(#, #), #, *, #), *)),
                             *))) 1(-, -, 1(1(-), 1(-)), 1(-), -,
                                    1(1(-, -, 1(1(-), 1(-)), 1(-), -, 4(5(-), 5(-))),
                                      2(4(1(1(-, -, 1(1(-), 1(-)), 1(-), -, 5(-)), -),
                                          1(1(-, -, 1(1(-), 1(-)), 1(-), -, 5(-)), -)),
                                        -)))
DmdAnalGADTs.$tcD: #1(*, *, #1(#, #), #, *, #4(#, #)) 1(-, -,
                                                        1(1(-), 1(-)), 1(-), -, 4(5(-), 5(-)))
DmdAnalGADTs.$trModule: #1(#, #) 1(1(-), 1(-))
DmdAnalGADTs.diverges: *(#..) b
DmdAnalGADTs.f: * -
DmdAnalGADTs.f': * 1(-)
DmdAnalGADTs.g: * -
DmdAnalGADTs.hasCPR: # 1(-)
DmdAnalGADTs.hasStrSig: * -



==================== Strictness signatures ====================
DmdAnalGADTs.$tc'A:
DmdAnalGADTs.$tc'B:
DmdAnalGADTs.$tcD:
DmdAnalGADTs.$trModule:
DmdAnalGADTs.diverges: b
DmdAnalGADTs.f: <S,1*U>
DmdAnalGADTs.f': <S,1*U>
DmdAnalGADTs.g: <S,1*U>
DmdAnalGADTs.hasCPR:
DmdAnalGADTs.hasStrSig: <S,1*U>


