
==================== Strictness signatures ====================
StrAnalExample.$trModule:
StrAnalExample.foo: <S,1*U>



==================== Cpr signatures ====================
StrAnalExample.$trModule: #1(#, #) 1(1(-), 1(-))
StrAnalExample.foo: * -



==================== Strictness signatures ====================
StrAnalExample.$trModule:
StrAnalExample.foo: <S,1*U>


