
==================== Strictness signatures ====================
T8569.$tc'Rdata:
T8569.$tc'Rint:
T8569.$tcRep:
T8569.$trModule:
T8569.addUp: <S,1*U><L,U>



==================== Cpr signatures ====================
T8569.$tc'Rdata: #1(*, *, #1(#, #), #, *,
                    #4(#1(#1(*, *, #1(#, #), #, *, #4(#, #)), #2(#, *)),
                       #4(#4(#, #),
                          #1(#1(*, *, #1(#, #), #, *, #4(#, #)), #2(#, *))))) 1(-, -,
                                                                                1(1(-), 1(-)), 1(-),
                                                                                -,
                                                                                4(1(1(-, -,
                                                                                      1(1(-), 1(-)),
                                                                                      1(-), -,
                                                                                      4(5(-),
                                                                                        5(-))),
                                                                                    2(2(-), -)),
                                                                                  4(4(2(-), 2(-)),
                                                                                    1(1(-, -,
                                                                                        1(1(-),
                                                                                          1(-)),
                                                                                        1(-), -,
                                                                                        4(5(-),
                                                                                          5(-))),
                                                                                      2(2(-), -)))))
T8569.$tc'Rint: #1(*, *, #1(#, #), #, *,
                   #1(#1(*, *, #1(#, #), #, *, #4(#, #)),
                      #2(#1(#1(*, *, #1(#, #), #, *, #), *), *))) 1(-, -, 1(1(-), 1(-)),
                                                                    1(-), -,
                                                                    1(1(-, -, 1(1(-), 1(-)), 1(-),
                                                                        -, 4(5(-), 5(-))),
                                                                      2(1(1(-, -, 1(1(-), 1(-)),
                                                                            1(-), -, 5(-)),
                                                                          -),
                                                                        -)))
T8569.$tcRep: #1(*, *, #1(#, #), #, *, #4(#, #)) 1(-, -,
                                                   1(1(-), 1(-)), 1(-), -, 4(5(-), 5(-)))
T8569.$trModule: #1(#, #) 1(1(-), 1(-))
T8569.addUp: * -



==================== Strictness signatures ====================
T8569.$tc'Rdata:
T8569.$tc'Rint:
T8569.$tcRep:
T8569.$trModule:
T8569.addUp: <S,1*U><L,U>


