
==================== Strictness signatures ====================
T8598.$trModule:
T8598.fun: <S,1*U(U)>



==================== Cpr signatures ====================
T8598.$trModule: #1(#, #) 1(1(-), 1(-))
T8598.fun: * 1(-)



==================== Strictness signatures ====================
T8598.$trModule:
T8598.fun: <S,1*U(U)>


