
==================== Strictness signatures ====================
Foo.$trModule:
Foo.f: <S(S),1*U(1*U)><S,1*U(U)><S,1*U(U)>
Foo.g: <S(SS),1*U(1*U(U),1*U(U))>



==================== Cpr signatures ====================
Foo.$trModule: #1(#, #) 1(1(-), 1(-))
Foo.f: #1(#) 1(-)
Foo.g: #1(#) 1(-)



==================== Strictness signatures ====================
Foo.$trModule:
Foo.f: <S(S),1*U(1*U)><S,1*U(U)><S,1*U(U)>
Foo.g: <S(SS),1*U(1*U(U),1*U(U))>


